{
    "settingsRequested": {
        "pluginParameters": [
            {"id":"FUSE:system", "value":"entrez"},
            {"id":"FUSE:geneListType", "value":"specific"},
            {"id":"FUSE:geneList", "value": ["6005","622","6120"]}
        ],
        "objectVariables": [
            {
                "id": "FUSE:expression",
                "certititude": 2,
                "how": "From Immunescape microarrays",
                "title": "gene expression",
                "variableValue": {
                    "sampleId":"SAMP:1", 
                    "aliquotId":"SAMP:1",
                    "system": "ensembl",
                    "value": {"6005":0.5, "622":0.4, "6120":0.3, "22934":0.2}
                }
            },
            {
                "id": "LOINC:72143-1",
                "certitude": 2,
                "how": "From Immunescape",
                "title": "gender",
                "variableValue": {
		    "value": "M"
		}
            },
	    {
		"id": "LOINC:30525-0",
                "certitude": 1,
                "how": "From Immunescape",
                "title": "age",
                "variableValue": {
		    "value": 57.5,
		    "units": "years"
		}
	    },
	    {
		"id": "FUSE:ageMin",
                "certitude": 2,
                "how": "From Immunescape",
                "title": "Minimum possible age",
                "variableValue": {
		    "value": 55,
		    "units": "years"
		}
	    },
	    {
		"id": "FUSE:ageMax",
                "certitude": 2,
                "how": "From Immunescape",
                "title": "Maximum possible age",
                "variableValue": {
		    "value": 60,
		    "units": "years"
		}
	    }
        ]
    },
    "data": [
        {
            "id":"SUBJ:subj1",
            "groups": ["A"],
            "gender":"M",
            "age": "55-60",
            "samples": [
                { 
                    "id":"SAMP:1",
                    "modality":"microarray", 
                    "capture":"total RNA", 
                    "lab":"Broad Institute",
                    "aliquots": [
                        {
                            "aliquotId":"SAMP:1",
                            "eset": {"6005":0.5, "622":0.4, "6120":0.3, "22934":0.2},
                            "system": "ensembl"
                        }
                    ]
                }
            ]
        }
    ]
}

